[debug] [2026-09-02T00:39:05.760Z] ----------------------------------------------------------------------
[debug] [2026-09-02T00:39:05.771Z] Command:       /Users/edufocal/.nvm/versions/node/v24.0.2/bin/node /Users/edufocal/.nvm/versions/node/v24.0.2/bin/firebase deploy --only functions:startTraktZipImport,functions:runTraktZipImport,functions:traktApi
[debug] [2026-09-02T00:39:05.771Z] CLI Version:   15.9.0
[debug] [2026-09-02T00:39:05.771Z] Platform:      darwin
[debug] [2026-09-02T00:39:05.771Z] Node Version:  v24.0.2
[debug] [2026-09-02T00:39:05.771Z] Time:          Tue Sep 01 2026 19:39:05 GMT-0500 (Eastern Standard Time)
[debug] [2026-09-02T00:39:05.771Z] ----------------------------------------------------------------------
[debug] 
[debug] [2026-09-02T00:39:06.761Z] Object "" in "firebase.json" has unknown property: {"additionalProperty":"react-native"}
[debug] [2026-09-02T00:39:06.766Z] > command requires scopes: ["email","openid","https://www.googleapis.com/auth/cloudplatformprojects.readonly","https://www.googleapis.com/auth/firebase","https://www.googleapis.com/auth/cloud-platform"]
[debug] [2026-09-02T00:39:06.766Z] > authorizing via signed-in user (shamar.morrison2000@gmail.com)
[debug] [2026-09-02T00:39:06.766Z] [iam] checking project showseek-app-2025 for permissions ["cloudfunctions.functions.create","cloudfunctions.functions.delete","cloudfunctions.functions.get","cloudfunctions.functions.list","cloudfunctions.functions.update","cloudfunctions.operations.get","firebase.projects.get"]
[debug] [2026-09-02T00:39:06.766Z] Checked if tokens are valid: false, expires at: 1788309624741
[debug] [2026-09-02T00:39:06.767Z] Checked if tokens are valid: false, expires at: 1788309624741
[debug] [2026-09-02T00:39:06.767Z] > refreshing access token with scopes: []
[debug] [2026-09-02T00:39:06.768Z] >>> [apiv2][query] POST https://www.googleapis.com/oauth2/v3/token [none]
[debug] [2026-09-02T00:39:06.768Z] >>> [apiv2][body] POST https://www.googleapis.com/oauth2/v3/token [omitted]
[debug] [2026-09-02T00:39:07.058Z] <<< [apiv2][status] POST https://www.googleapis.com/oauth2/v3/token 200
[debug] [2026-09-02T00:39:07.058Z] <<< [apiv2][body] POST https://www.googleapis.com/oauth2/v3/token [omitted]
[debug] [2026-09-02T00:39:07.070Z] >>> [apiv2][query] POST https://cloudresourcemanager.googleapis.com/v1/projects/showseek-app-2025:testIamPermissions [none]
[debug] [2026-09-02T00:39:07.070Z] >>> [apiv2][(partial)header] POST https://cloudresourcemanager.googleapis.com/v1/projects/showseek-app-2025:testIamPermissions  x-goog-user-project=showseek-app-2025
[debug] [2026-09-02T00:39:07.070Z] >>> [apiv2][body] POST https://cloudresourcemanager.googleapis.com/v1/projects/showseek-app-2025:testIamPermissions {"permissions":["cloudfunctions.functions.create","cloudfunctions.functions.delete","cloudfunctions.functions.get","cloudfunctions.functions.list","cloudfunctions.functions.update","cloudfunctions.operations.get","firebase.projects.get"]}
[debug] [2026-09-02T00:39:07.405Z] <<< [apiv2][status] POST https://cloudresourcemanager.googleapis.com/v1/projects/showseek-app-2025:testIamPermissions 200
[debug] [2026-09-02T00:39:07.405Z] <<< [apiv2][body] POST https://cloudresourcemanager.googleapis.com/v1/projects/showseek-app-2025:testIamPermissions {"permissions":["cloudfunctions.functions.create","cloudfunctions.functions.delete","cloudfunctions.functions.get","cloudfunctions.functions.list","cloudfunctions.functions.update","cloudfunctions.operations.get","firebase.projects.get"]}
[debug] [2026-09-02T00:39:07.406Z] Checked if tokens are valid: true, expires at: 1788313146058
[debug] [2026-09-02T00:39:07.406Z] Checked if tokens are valid: true, expires at: 1788313146058
[debug] [2026-09-02T00:39:07.406Z] >>> [apiv2][query] POST https://iam.googleapis.com/v1/projects/showseek-app-2025/serviceAccounts/showseek-app-2025@appspot.gserviceaccount.com:testIamPermissions [none]
[debug] [2026-09-02T00:39:07.406Z] >>> [apiv2][body] POST https://iam.googleapis.com/v1/projects/showseek-app-2025/serviceAccounts/showseek-app-2025@appspot.gserviceaccount.com:testIamPermissions {"permissions":["iam.serviceAccounts.actAs"]}
[debug] [2026-09-02T00:39:07.674Z] <<< [apiv2][status] POST https://iam.googleapis.com/v1/projects/showseek-app-2025/serviceAccounts/showseek-app-2025@appspot.gserviceaccount.com:testIamPermissions 200
[debug] [2026-09-02T00:39:07.675Z] <<< [apiv2][body] POST https://iam.googleapis.com/v1/projects/showseek-app-2025/serviceAccounts/showseek-app-2025@appspot.gserviceaccount.com:testIamPermissions {"permissions":["iam.serviceAccounts.actAs"]}
[info] 
[info] === Deploying to 'showseek-app-2025'...
[info] 
[info] i  deploying functions 
[info] Running command: npm --prefix "$RESOURCE_DIR" run lint
